Copyright 1986-2019 Xilinx, Inc. All Rights Reserved.
------------------------------------------------------------------------------------
| Tool Version : Vivado v.2019.2 (win64) Build 2708876 Wed Nov  6 21:40:23 MST 2019
| Date         : Mon Apr 20 04:00:05 2020
| Host         : DESKTOP-BBSH87J running 64-bit major release  (build 9200)
| Command      : report_control_sets -verbose -file vga_top_control_sets_placed.rpt
| Design       : vga_top
| Device       : xc7a100t
------------------------------------------------------------------------------------

Control Set Information

Table of Contents
-----------------
1. Summary
2. Histogram
3. Flip-Flop Distribution
4. Detailed Control Set Information

1. Summary
----------

+----------------------------------------------------------+-------+
|                          Status                          | Count |
+----------------------------------------------------------+-------+
| Total control sets                                       |    19 |
|    Minimum number of control sets                        |    19 |
|    Addition due to synthesis replication                 |     0 |
|    Addition due to physical synthesis replication        |     0 |
| Unused register locations in slices containing registers |    92 |
+----------------------------------------------------------+-------+
* Control sets can be merged at opt_design using control_set_merge or merge_equivalent_drivers
** Run report_qor_suggestions for automated merging and remapping suggestions


2. Histogram
------------

+--------------------+-------+
|       Fanout       | Count |
+--------------------+-------+
| Total control sets |    19 |
| >= 0 to < 4        |     5 |
| >= 4 to < 6        |     6 |
| >= 6 to < 8        |     1 |
| >= 8 to < 10       |     2 |
| >= 10 to < 12      |     1 |
| >= 12 to < 14      |     0 |
| >= 14 to < 16      |     0 |
| >= 16              |     4 |
+--------------------+-------+
* Control sets can be remapped at either synth_design or opt_design


3. Flip-Flop Distribution
-------------------------

+--------------+-----------------------+------------------------+-----------------+--------------+
| Clock Enable | Synchronous Set/Reset | Asynchronous Set/Reset | Total Registers | Total Slices |
+--------------+-----------------------+------------------------+-----------------+--------------+
| No           | No                    | No                     |               6 |            6 |
| No           | No                    | Yes                    |              44 |           12 |
| No           | Yes                   | No                     |              35 |           17 |
| Yes          | No                    | No                     |              17 |            9 |
| Yes          | No                    | Yes                    |               8 |            4 |
| Yes          | Yes                   | No                     |              70 |           20 |
+--------------+-----------------------+------------------------+-----------------+--------------+


4. Detailed Control Set Information
-----------------------------------

+--------------------+----------------------------------------------------------+-------------------------------------------------+------------------+----------------+
|    Clock Signal    |                       Enable Signal                      |                 Set/Reset Signal                | Slice Load Count | Bel Load Count |
+--------------------+----------------------------------------------------------+-------------------------------------------------+------------------+----------------+
|  dc/clk25_reg_n_0  |                                                          |                                                 |                1 |              1 |
|  dc/pulse          |                                                          |                                                 |                1 |              1 |
|  ClkPort_IBUF_BUFG |                                                          |                                                 |                1 |              1 |
|  move_clk          |                                                          | BtnC_IBUF                                       |                1 |              2 |
|  move_clk          |                                                          |                                                 |                3 |              3 |
|  move_clk          | sc/score_ones[3]_i_1_n_0                                 |                                                 |                1 |              4 |
|  dc/clk25_reg_n_0  | dc/hCount[9]_i_1_n_0                                     |                                                 |                2 |              4 |
|  ClkPort_IBUF_BUFG | ee354_debouncer_3/MCEN_count                             | ee354_debouncer_3/MCEN_count[3]_i_1_n_0         |                1 |              4 |
|  ClkPort_IBUF_BUFG | ee354_debouncer_3/FSM_sequential_state_reg[3]_i_1_n_0    | BtnC_IBUF                                       |                2 |              4 |
|  ClkPort_IBUF_BUFG | ee354_debouncer_4/MCEN_count                             | ee354_debouncer_4/MCEN_count[3]_i_1__0_n_0      |                1 |              4 |
|  ClkPort_IBUF_BUFG | ee354_debouncer_4/FSM_sequential_state_reg[3]_i_1__0_n_0 | BtnC_IBUF                                       |                2 |              4 |
|  dc/clk25_reg_n_0  | dc/hCount[9]_i_1_n_0                                     | dc/vCount[9]_i_1_n_0                            |                2 |              6 |
|  move_clk          |                                                          | sc/state_reg_n_0_[0]                            |                5 |              8 |
|  move_clk          | sc/bird_y[9]_i_1_n_0                                     |                                                 |                6 |              9 |
|  dc/clk25_reg_n_0  |                                                          | dc/hCount[9]_i_1_n_0                            |                5 |             10 |
|  move_clk          |                                                          | sc/sub_y[9]_i_1_n_0                             |                7 |             17 |
|  ClkPort_IBUF_BUFG | ee354_debouncer_3/debounce_count                         | ee354_debouncer_3/debounce_count[27]_i_1_n_0    |                8 |             28 |
|  ClkPort_IBUF_BUFG | ee354_debouncer_4/debounce_count                         | ee354_debouncer_4/debounce_count[27]_i_1__0_n_0 |                8 |             28 |
|  ClkPort_IBUF_BUFG |                                                          | BtnC_IBUF                                       |               11 |             42 |
+--------------------+----------------------------------------------------------+-------------------------------------------------+------------------+----------------+


